
> assetflow-yawi@0.1.0 build
> next build

  Γû▓ Next.js 14.2.5
  - Environments: .env.local

node.exe : 
En línea: 1 Carácter: 1
+ & "C:\Program 
Files\nodejs/node.exe" 
"C:\Program 
Files\nodejs/node_mo ...
+ ~~~~~~~~~~~~~~~~~~~~~~~~~
~~~~~~~~~~~~~~~~~~~~~~~~~~~
~~~~~~~~~~~~~~~~~
    + CategoryInfo         
     : NotSpecified: (:St  
  ring) [], RemoteExcept   
 ion
    + FullyQualifiedErrorI 
   d : NativeCommandError
 
> Build error occurred
Error: EINVAL: invalid 
argument, readlink 'C:\User
s\guill\OneDrive\Documents\
Antigravity-APP\AssetFlow\.
next\server\app'
    at async 
Object.readlink (node:inter
nal/fs/promises:976:10)
    at async C:\Users\guill
\OneDrive\Documents\Antigra
vity-APP\AssetFlow\node_mod
ules\next\dist\lib\recursiv
e-delete.js:58:30
    at async Promise.all 
(index 0)
    at async 
recursiveDelete (C:\Users\g
uill\OneDrive\Documents\Ant
igravity-APP\AssetFlow\node
_modules\next\dist\lib\recu
rsive-delete.js:51:5)
    at async C:\Users\guill
\OneDrive\Documents\Antigra
vity-APP\AssetFlow\node_mod
ules\next\dist\lib\recursiv
e-delete.js:68:17
    at async Promise.all 
(index 4)
    at async 
recursiveDelete (C:\Users\g
uill\OneDrive\Documents\Ant
igravity-APP\AssetFlow\node
_modules\next\dist\lib\recu
rsive-delete.js:51:5)
    at async C:\Users\guill
\OneDrive\Documents\Antigra
vity-APP\AssetFlow\node_mod
ules\next\dist\build\index.
js:692:17
    at async 
Span.traceAsyncFn (C:\Users
\guill\OneDrive\Documents\A
ntigravity-APP\AssetFlow\no
de_modules\next\dist\trace\
trace.js:154:20)
    at async build (C:\User
s\guill\OneDrive\Documents\
Antigravity-APP\AssetFlow\n
ode_modules\next\dist\build
\index.js:366:9) {
  errno: -4071,
  code: 'EINVAL',
  syscall: 'readlink',
  path: 'C:\\Users\\guill\\
OneDrive\\Documents\\Antigr
avity-APP\\AssetFlow\\.next
\\server\\app'
}
